// Jest Snapshot v1, https://goo.gl/fbAQLP

exports[`App matches snapshot 1`] = `
.c1 {
  color: #444;
  margin-bottom: 2rem;
}

.c2 {
  color: #444;
  margin-top: 2rem;
  font-size: 12px;
}

.c3 {
  color: #000;
  -webkit-text-decoration: none;
  text-decoration: none;
  padding: 0.25rem;
}

.c3:hover {
  color: #fff;
  background-color: #000;
  border-radius: 0.25rem;
}

.c0 {
  padding: 2rem;
  width: 90%;
  margin: 0 auto;
  text-align: center;
}

<div>
  <div>
    <div
      class="c0"
    >
      <div
        currentitem="false"
        data-for="chart"
        data-testid="pie-chart"
        data-tip=""
      >
        <h1
          class="c1"
        >
          Images by Dog Breed (%)
        </h1>
        <svg
          height="100%"
          style="height: 600px;"
          viewBox="0 0 100 100"
          width="100%"
        >
          <path
            d="M NaN NaN A 25 25 0 1 1 NaN NaN"
            fill="none"
            stroke="hsl(0,100%,50%)"
            stroke-width="50"
          />
          <path
            d="M NaN NaN A 25 25 0 1 1 NaN NaN"
            fill="none"
            stroke="hsl(3.7978723404255317,100%,50%)"
            stroke-width="50"
          />
          <path
            d="M NaN NaN A 25 25 0 1 1 NaN NaN"
            fill="none"
            stroke="hsl(7.595744680851063,100%,50%)"
            stroke-width="50"
          />
          <path
            d="M NaN NaN A 25 25 0 1 1 NaN NaN"
            fill="none"
            stroke="hsl(11.393617021276595,100%,50%)"
            stroke-width="50"
          />
          <path
            d="M NaN NaN A 25 25 0 1 1 NaN NaN"
            fill="none"
            stroke="hsl(15.191489361702127,100%,50%)"
            stroke-width="50"
          />
          <path
            d="M NaN NaN A 25 25 0 1 1 NaN NaN"
            fill="none"
            stroke="hsl(18.98936170212766,100%,50%)"
            stroke-width="50"
          />
        </svg>
        <div
          class="__react_component_tooltip t7c9ed0ad-53cb-449e-ae74-405b00a3fbd6 place-top type-dark"
          data-id="tooltip"
          id="chart"
        >
          <style>
            
  	.t7c9ed0ad-53cb-449e-ae74-405b00a3fbd6 {
	    color: #fff;
	    background: #222;
	    border: 1px solid transparent;
  	}

  	.t7c9ed0ad-53cb-449e-ae74-405b00a3fbd6.place-top {
        margin-top: -10px;
    }
    .t7c9ed0ad-53cb-449e-ae74-405b00a3fbd6.place-top::before {
        border-top: 8px solid transparent;
    }
    .t7c9ed0ad-53cb-449e-ae74-405b00a3fbd6.place-top::after {
        border-left: 8px solid transparent;
        border-right: 8px solid transparent;
        bottom: -6px;
        left: 50%;
        margin-left: -8px;
        border-top-color: #222;
        border-top-style: solid;
        border-top-width: 6px;
    }

    .t7c9ed0ad-53cb-449e-ae74-405b00a3fbd6.place-bottom {
        margin-top: 10px;
    }
    .t7c9ed0ad-53cb-449e-ae74-405b00a3fbd6.place-bottom::before {
        border-bottom: 8px solid transparent;
    }
    .t7c9ed0ad-53cb-449e-ae74-405b00a3fbd6.place-bottom::after {
        border-left: 8px solid transparent;
        border-right: 8px solid transparent;
        top: -6px;
        left: 50%;
        margin-left: -8px;
        border-bottom-color: #222;
        border-bottom-style: solid;
        border-bottom-width: 6px;
    }

    .t7c9ed0ad-53cb-449e-ae74-405b00a3fbd6.place-left {
        margin-left: -10px;
    }
    .t7c9ed0ad-53cb-449e-ae74-405b00a3fbd6.place-left::before {
        border-left: 8px solid transparent;
    }
    .t7c9ed0ad-53cb-449e-ae74-405b00a3fbd6.place-left::after {
        border-top: 5px solid transparent;
        border-bottom: 5px solid transparent;
        right: -6px;
        top: 50%;
        margin-top: -4px;
        border-left-color: #222;
        border-left-style: solid;
        border-left-width: 6px;
    }

    .t7c9ed0ad-53cb-449e-ae74-405b00a3fbd6.place-right {
        margin-left: 10px;
    }
    .t7c9ed0ad-53cb-449e-ae74-405b00a3fbd6.place-right::before {
        border-right: 8px solid transparent;
    }
    .t7c9ed0ad-53cb-449e-ae74-405b00a3fbd6.place-right::after {
        border-top: 5px solid transparent;
        border-bottom: 5px solid transparent;
        left: -6px;
        top: 50%;
        margin-top: -4px;
        border-right-color: #222;
        border-right-style: solid;
        border-right-width: 6px;
    }
  
          </style>
        </div>
        <p
          class="c2"
        >
          Data source:
           
          <a
            class="c3"
            href="https://dog.ceo/dog-api/documentation/"
            target="_blank"
          >
            Dog API
          </a>
        </p>
      </div>
    </div>
  </div>
</div>
`;
