// Jest Snapshot v1, https://goo.gl/fbAQLP

exports[`Loading matches snapshot 1`] = `
.c0 {
  border: 0.25rem solid #f3f3f3;
  border-radius: 50%;
  border-top: 0.25rem solid #777;
  width: 2rem;
  height: 2rem;
  -webkit-animation: spin 0.75s linear infinite;
  animation: spin 0.75s linear infinite;
  margin: 0 auto;
  margin-top: 2rem;
}

<div>
  <div
    class="c0"
    data-testid="spinner"
  />
</div>
`;
